Clone the repositroy to your computer:
$git clone https://github.com/vilab-tartu/LOKT.02.048.git

To avoid reentering the credentials on each push:
$ git config credential.helper store
$ git push https://github.com/vilab-tartu/LOKT.02.048.git
Username: <type your username>
Password: <type your password>

If repository is cloned before and you start chaning something, pull latest version:
$git pull

Confiugre your user in your computer:
$git config --global user.name ["Your Name Here"]
$git config --global user.email ["your_email@youremail.com"]

When adding files or direcotries to the repository:
$git add [Filename]
$git commit -m ["message for this commit"]
$git push

Create the branch on your local machine and switch in this branch :
$ git checkout -b [name_of_your_new_branch]
Change working branch :
$ git checkout [name_of_your_new_branch]
Push the branch on github :
$ git push origin [name_of_your_new_branch]


Merge:
$git merge

In case there are errors, check status for guidelines:
$git status
